// Jest Snapshot v1, https://goo.gl/fbAQLP

exports[`should take a snapshot of table 1`] = `
<DocumentFragment>
  <div
    class="app"
  >
    <h3>
      Multiplication Table of Prime Numbers
    </h3>
    <table
      class="table table-striped table-bordered"
      data-testid="multiplication-table"
    >
      <thead>
        <tr>
          <th
            scope="col"
          />
          <th
            scope="col"
          >
            2
          </th>
          <th
            scope="col"
          >
            3
          </th>
          <th
            scope="col"
          >
            5
          </th>
          <th
            scope="col"
          >
            7
          </th>
          <th
            scope="col"
          >
            9
          </th>
          <th
            scope="col"
          >
            11
          </th>
          <th
            scope="col"
          >
            13
          </th>
          <th
            scope="col"
          >
            17
          </th>
          <th
            scope="col"
          >
            19
          </th>
          <th
            scope="col"
          >
            23
          </th>
        </tr>
      </thead>
      <tbody>
        <tr>
          <th
            scope="row"
          >
            2
          </th>
          <td>
            4
          </td>
          <td>
            6
          </td>
          <td>
            10
          </td>
          <td>
            14
          </td>
          <td>
            18
          </td>
          <td>
            22
          </td>
          <td>
            26
          </td>
          <td>
            34
          </td>
          <td>
            38
          </td>
          <td>
            46
          </td>
        </tr>
        <tr>
          <th
            scope="row"
          >
            3
          </th>
          <td>
            6
          </td>
          <td>
            9
          </td>
          <td>
            15
          </td>
          <td>
            21
          </td>
          <td>
            27
          </td>
          <td>
            33
          </td>
          <td>
            39
          </td>
          <td>
            51
          </td>
          <td>
            57
          </td>
          <td>
            69
          </td>
        </tr>
        <tr>
          <th
            scope="row"
          >
            5
          </th>
          <td>
            10
          </td>
          <td>
            15
          </td>
          <td>
            25
          </td>
          <td>
            35
          </td>
          <td>
            45
          </td>
          <td>
            55
          </td>
          <td>
            65
          </td>
          <td>
            85
          </td>
          <td>
            95
          </td>
          <td>
            115
          </td>
        </tr>
        <tr>
          <th
            scope="row"
          >
            7
          </th>
          <td>
            14
          </td>
          <td>
            21
          </td>
          <td>
            35
          </td>
          <td>
            49
          </td>
          <td>
            63
          </td>
          <td>
            77
          </td>
          <td>
            91
          </td>
          <td>
            119
          </td>
          <td>
            133
          </td>
          <td>
            161
          </td>
        </tr>
        <tr>
          <th
            scope="row"
          >
            9
          </th>
          <td>
            18
          </td>
          <td>
            27
          </td>
          <td>
            45
          </td>
          <td>
            63
          </td>
          <td>
            81
          </td>
          <td>
            99
          </td>
          <td>
            117
          </td>
          <td>
            153
          </td>
          <td>
            171
          </td>
          <td>
            207
          </td>
        </tr>
        <tr>
          <th
            scope="row"
          >
            11
          </th>
          <td>
            22
          </td>
          <td>
            33
          </td>
          <td>
            55
          </td>
          <td>
            77
          </td>
          <td>
            99
          </td>
          <td>
            121
          </td>
          <td>
            143
          </td>
          <td>
            187
          </td>
          <td>
            209
          </td>
          <td>
            253
          </td>
        </tr>
        <tr>
          <th
            scope="row"
          >
            13
          </th>
          <td>
            26
          </td>
          <td>
            39
          </td>
          <td>
            65
          </td>
          <td>
            91
          </td>
          <td>
            117
          </td>
          <td>
            143
          </td>
          <td>
            169
          </td>
          <td>
            221
          </td>
          <td>
            247
          </td>
          <td>
            299
          </td>
        </tr>
        <tr>
          <th
            scope="row"
          >
            17
          </th>
          <td>
            34
          </td>
          <td>
            51
          </td>
          <td>
            85
          </td>
          <td>
            119
          </td>
          <td>
            153
          </td>
          <td>
            187
          </td>
          <td>
            221
          </td>
          <td>
            289
          </td>
          <td>
            323
          </td>
          <td>
            391
          </td>
        </tr>
        <tr>
          <th
            scope="row"
          >
            19
          </th>
          <td>
            38
          </td>
          <td>
            57
          </td>
          <td>
            95
          </td>
          <td>
            133
          </td>
          <td>
            171
          </td>
          <td>
            209
          </td>
          <td>
            247
          </td>
          <td>
            323
          </td>
          <td>
            361
          </td>
          <td>
            437
          </td>
        </tr>
        <tr>
          <th
            scope="row"
          >
            23
          </th>
          <td>
            46
          </td>
          <td>
            69
          </td>
          <td>
            115
          </td>
          <td>
            161
          </td>
          <td>
            207
          </td>
          <td>
            253
          </td>
          <td>
            299
          </td>
          <td>
            391
          </td>
          <td>
            437
          </td>
          <td>
            529
          </td>
        </tr>
      </tbody>
    </table>
  </div>
</DocumentFragment>
`;
